// Jest Snapshot v1, https://goo.gl/fbAQLP

exports[`My GraphPage non-shallow render 1`] = `
<div
  className="container-fluid"
>
  <div
    className="row"
  >
    <div
      className="col"
    />
  </div>
  <div
    className="row"
  >
    <div
      className="col"
    >
      <div>
        <canvas
          data-testid="canvas"
          height={150}
          onClick={[Function]}
          role="img"
          width={300}
        />
      </div>
    </div>
  </div>
  <div
    className="row"
  >
    <div
      className="col"
    >
      <div
        className={true}
      >
        <label
          htmlFor="song"
        >
          Song:
          <input
            className="search-bar"
            data-testid="song"
            id="song"
            onChange={[Function]}
            type="text"
          />
        </label>
        <button
          className="submit-button"
          onClick={[Function]}
          type="button"
        >
          Submit
        </button>
      </div>
    </div>
  </div>
</div>
`;
